Usando la configuración de inicio de C:\Users\Asist\Documents\AngNet-TTI\SistemaPublicidad\Net.Backend\Properties\launchSettings.json...
Compilando...
info: Microsoft.EntityFrameworkCore.Database.Command[20101]
      Executed DbCommand (30ms) [Parameters=[], CommandType='Text', CommandTimeout='30']
      SELECT "MigrationId", "ProductVersion"
      FROM "__EFMigrationsHistory"
      ORDER BY "MigrationId";
info: Microsoft.EntityFrameworkCore.Database.Command[20101]
      Executed DbCommand (10ms) [Parameters=[], CommandType='Text', CommandTimeout='30']
      CREATE TABLE IF NOT EXISTS "__EFMigrationsHistory" (
          "MigrationId" character varying(150) NOT NULL,
          "ProductVersion" character varying(32) NOT NULL,
          CONSTRAINT "PK___EFMigrationsHistory" PRIMARY KEY ("MigrationId")
      );
info: Microsoft.EntityFrameworkCore.Migrations[20411]
      Acquiring an exclusive lock for migration application. See https://aka.ms/efcore-docs-migrations-lock for more information if this takes too long.
info: Microsoft.EntityFrameworkCore.Database.Command[20101]
      Executed DbCommand (22ms) [Parameters=[], CommandType='Text', CommandTimeout='30']
      LOCK TABLE "__EFMigrationsHistory" IN ACCESS EXCLUSIVE MODE
info: Microsoft.EntityFrameworkCore.Database.Command[20101]
      Executed DbCommand (0ms) [Parameters=[], CommandType='Text', CommandTimeout='30']
      SELECT "MigrationId", "ProductVersion"
      FROM "__EFMigrationsHistory"
      ORDER BY "MigrationId";
info: Microsoft.EntityFrameworkCore.Migrations[20405]
      No migrations were applied. The database is already up to date.
info: Microsoft.EntityFrameworkCore.Database.Command[20101]
      Executed DbCommand (13ms) [Parameters=[@__hoy_0='?' (DbType = DateTime)], CommandType='Text', CommandTimeout='30']
      SELECT p."Id", p."Descripcion", p."DuracionMeses", p."DuracionVideoSegundos", p."EmpresaId", p."FechaCreacion", p."FechaFin", p."FechaInicio", p."NombrePublicidad", p."TipoPantalla", p."VideoNombreArchivo"
      FROM "Publicidades" AS p
      WHERE date_trunc('day', p."FechaInicio") <= @__hoy_0 AND date_trunc('day', p."FechaFin") >= @__hoy_0 AND p."VideoNombreArchivo" <> ''
warn: Microsoft.AspNetCore.StaticFiles.StaticFileMiddleware[16]
      The WebRootPath was not found: C:\Users\Asist\Documents\AngNet-TTI\SistemaPublicidad\Net.Backend\wwwroot. Static files may be unavailable.
info: Microsoft.Hosting.Lifetime[14]
      Now listening on: http://0.0.0.0:5181
info: Microsoft.Hosting.Lifetime[0]
      Application started. Press Ctrl+C to shut down.
info: Microsoft.Hosting.Lifetime[0]
      Hosting environment: Development
info: Microsoft.Hosting.Lifetime[0]
      Content root path: C:\Users\Asist\Documents\AngNet-TTI\SistemaPublicidad\Net.Backend
info: SistemaPublicidad.Net.Backend.Services.ServicioVencimientoPublicidades[0]
      Nuevas publicidades en HorizontalDescenso: 26,1,27,28,31,24,3,32
info: SistemaPublicidad.Net.Backend.Services.ServicioVencimientoPublicidades[0]
      Nuevas publicidades en VerticalSamsung: 2,25,29,30,33,34
warn: Microsoft.AspNetCore.HttpsPolicy.HttpsRedirectionMiddleware[3]
      Failed to determine the https port for redirect.
info: Microsoft.EntityFrameworkCore.Database.Command[20101]
      Executed DbCommand (2ms) [Parameters=[@__hoy_0='?' (DbType = DateTime), @__tipoPantalla_1='?'], CommandType='Text', CommandTimeout='30']
      SELECT p."Id", p."NombrePublicidad", p."VideoNombreArchivo", p."DuracionVideoSegundos", p."FechaInicio", p."FechaFin"
      FROM "Publicidades" AS p
      WHERE date_trunc('day', p."FechaInicio") <= @__hoy_0 AND date_trunc('day', p."FechaFin") >= @__hoy_0 AND p."VideoNombreArchivo" <> '' AND p."TipoPantalla" = @__tipoPantalla_1
      ORDER BY p."Id"
info: Microsoft.EntityFrameworkCore.Database.Command[20101]
      Executed DbCommand (2ms) [Parameters=[@__hoy_0='?' (DbType = DateTime), @__tipoPantalla_1='?'], CommandType='Text', CommandTimeout='30']
      SELECT p."Id", p."NombrePublicidad", p."VideoNombreArchivo", p."DuracionVideoSegundos", p."FechaInicio", p."FechaFin"
      FROM "Publicidades" AS p
      WHERE date_trunc('day', p."FechaInicio") <= @__hoy_0 AND date_trunc('day', p."FechaFin") >= @__hoy_0 AND p."VideoNombreArchivo" <> '' AND p."TipoPantalla" = @__tipoPantalla_1
      ORDER BY p."Id"
info: Microsoft.EntityFrameworkCore.Database.Command[20101]
      Executed DbCommand (2ms) [Parameters=[@__hoy_0='?' (DbType = DateTime), @__tipoPantalla_1='?'], CommandType='Text', CommandTimeout='30']
      SELECT p."Id", p."NombrePublicidad", p."VideoNombreArchivo", p."DuracionVideoSegundos", p."FechaInicio", p."FechaFin"
      FROM "Publicidades" AS p
      WHERE date_trunc('day', p."FechaInicio") <= @__hoy_0 AND date_trunc('day', p."FechaFin") >= @__hoy_0 AND p."VideoNombreArchivo" <> '' AND p."TipoPantalla" = @__tipoPantalla_1
      ORDER BY p."Id"
info: Microsoft.EntityFrameworkCore.Database.Command[20101]
      Executed DbCommand (1ms) [Parameters=[@__hoy_0='?' (DbType = DateTime)], CommandType='Text', CommandTimeout='30']
      SELECT p."Id", p."Descripcion", p."DuracionMeses", p."DuracionVideoSegundos", p."EmpresaId", p."FechaCreacion", p."FechaFin", p."FechaInicio", p."NombrePublicidad", p."TipoPantalla", p."VideoNombreArchivo"
      FROM "Publicidades" AS p
      WHERE date_trunc('day', p."FechaInicio") <= @__hoy_0 AND date_trunc('day', p."FechaFin") >= @__hoy_0 AND p."VideoNombreArchivo" <> ''
info: Microsoft.EntityFrameworkCore.Database.Command[20101]
      Executed DbCommand (1ms) [Parameters=[@__hoy_0='?' (DbType = DateTime)], CommandType='Text', CommandTimeout='30']
      SELECT p."Id", p."Descripcion", p."DuracionMeses", p."DuracionVideoSegundos", p."EmpresaId", p."FechaCreacion", p."FechaFin", p."FechaInicio", p."NombrePublicidad", p."TipoPantalla", p."VideoNombreArchivo"
      FROM "Publicidades" AS p
      WHERE date_trunc('day', p."FechaInicio") <= @__hoy_0 AND date_trunc('day', p."FechaFin") >= @__hoy_0 AND p."VideoNombreArchivo" <> ''
info: Microsoft.EntityFrameworkCore.Database.Command[20101]
      Executed DbCommand (2ms) [Parameters=[@__hoy_0='?' (DbType = DateTime)], CommandType='Text', CommandTimeout='30']
      SELECT p."Id", p."Descripcion", p."DuracionMeses", p."DuracionVideoSegundos", p."EmpresaId", p."FechaCreacion", p."FechaFin", p."FechaInicio", p."NombrePublicidad", p."TipoPantalla", p."VideoNombreArchivo"
      FROM "Publicidades" AS p
      WHERE date_trunc('day', p."FechaInicio") <= @__hoy_0 AND date_trunc('day', p."FechaFin") >= @__hoy_0 AND p."VideoNombreArchivo" <> ''
info: Microsoft.EntityFrameworkCore.Database.Command[20101]
      Executed DbCommand (2ms) [Parameters=[@__hoy_0='?' (DbType = DateTime)], CommandType='Text', CommandTimeout='30']
      SELECT p."Id", p."Descripcion", p."DuracionMeses", p."DuracionVideoSegundos", p."EmpresaId", p."FechaCreacion", p."FechaFin", p."FechaInicio", p."NombrePublicidad", p."TipoPantalla", p."VideoNombreArchivo"
      FROM "Publicidades" AS p
      WHERE date_trunc('day', p."FechaInicio") <= @__hoy_0 AND date_trunc('day', p."FechaFin") >= @__hoy_0 AND p."VideoNombreArchivo" <> ''
info: Microsoft.EntityFrameworkCore.Database.Command[20101]
      Executed DbCommand (2ms) [Parameters=[@__hoy_0='?' (DbType = DateTime)], CommandType='Text', CommandTimeout='30']
      SELECT p."Id", p."Descripcion", p."DuracionMeses", p."DuracionVideoSegundos", p."EmpresaId", p."FechaCreacion", p."FechaFin", p."FechaInicio", p."NombrePublicidad", p."TipoPantalla", p."VideoNombreArchivo"
      FROM "Publicidades" AS p
      WHERE date_trunc('day', p."FechaInicio") <= @__hoy_0 AND date_trunc('day', p."FechaFin") >= @__hoy_0 AND p."VideoNombreArchivo" <> ''
info: Microsoft.EntityFrameworkCore.Database.Command[20101]
      Executed DbCommand (2ms) [Parameters=[@__hoy_0='?' (DbType = DateTime)], CommandType='Text', CommandTimeout='30']
      SELECT p."Id", p."Descripcion", p."DuracionMeses", p."DuracionVideoSegundos", p."EmpresaId", p."FechaCreacion", p."FechaFin", p."FechaInicio", p."NombrePublicidad", p."TipoPantalla", p."VideoNombreArchivo"
      FROM "Publicidades" AS p
      WHERE date_trunc('day', p."FechaInicio") <= @__hoy_0 AND date_trunc('day', p."FechaFin") >= @__hoy_0 AND p."VideoNombreArchivo" <> ''
info: Microsoft.EntityFrameworkCore.Database.Command[20101]
      Executed DbCommand (2ms) [Parameters=[@__hoy_0='?' (DbType = DateTime)], CommandType='Text', CommandTimeout='30']
      SELECT p."Id", p."Descripcion", p."DuracionMeses", p."DuracionVideoSegundos", p."EmpresaId", p."FechaCreacion", p."FechaFin", p."FechaInicio", p."NombrePublicidad", p."TipoPantalla", p."VideoNombreArchivo"
      FROM "Publicidades" AS p
      WHERE date_trunc('day', p."FechaInicio") <= @__hoy_0 AND date_trunc('day', p."FechaFin") >= @__hoy_0 AND p."VideoNombreArchivo" <> ''
fail: Microsoft.EntityFrameworkCore.Database.Command[20102]
      Failed executing DbCommand (196ms) [Parameters=[@__hoy_0='?' (DbType = DateTime)], CommandType='Text', CommandTimeout='30']
      SELECT p."Id", p."Descripcion", p."DuracionMeses", p."DuracionVideoSegundos", p."EmpresaId", p."FechaCreacion", p."FechaFin", p."FechaInicio", p."NombrePublicidad", p."TipoPantalla", p."VideoNombreArchivo"
      FROM "Publicidades" AS p
      WHERE date_trunc('day', p."FechaInicio") <= @__hoy_0 AND date_trunc('day', p."FechaFin") >= @__hoy_0 AND p."VideoNombreArchivo" <> ''
fail: Microsoft.EntityFrameworkCore.Query[10100]
      An exception occurred while iterating over the results of a query for context type 'SistemaPublicidad.Net.Backend.Data.ApplicationDbContext'.
      System.InvalidOperationException: An exception has been raised that is likely due to a transient failure.
       ---> Npgsql.NpgsqlException (0x80004005): Exception while writing to stream
       ---> System.IO.IOException: Unable to write data to the transport connection: Se ha forzado la interrupción de una conexión existente por el host remoto..
       ---> System.Net.Sockets.SocketException (10054): Se ha forzado la interrupción de una conexión existente por el host remoto.
         at System.Net.Sockets.Socket.AwaitableSocketAsyncEventArgs.CreateException(SocketError error, Boolean forAsyncThrow)
         at System.Net.Sockets.Socket.AwaitableSocketAsyncEventArgs.SendAsyncForNetworkStream(Socket socket, CancellationToken cancellationToken)
         at System.Net.Sockets.Socket.SendAsyncForNetworkStream(ReadOnlyMemory`1 buffer, SocketFlags socketFlags, CancellationToken cancellationToken)
         at System.Net.Sockets.NetworkStream.WriteAsync(Byte[] buffer, Int32 offset, Int32 count, CancellationToken cancellationToken)
         at Npgsql.Internal.NpgsqlWriteBuffer.Flush(Boolean async, CancellationToken cancellationToken)
         at System.Runtime.CompilerServices.AsyncMethodBuilderCore.Start[TStateMachine](TStateMachine& stateMachine)
         at Npgsql.Internal.NpgsqlWriteBuffer.Flush(Boolean async, CancellationToken cancellationToken)
         at Npgsql.Internal.NpgsqlConnector.Flush(Boolean async, CancellationToken cancellationToken)
         at Npgsql.NpgsqlCommand.<Write>g__WriteExecute|101_0(NpgsqlConnector connector, Boolean async, Boolean flush, CancellationToken cancellationToken)
         at System.Runtime.CompilerServices.AsyncMethodBuilderCore.Start[TStateMachine](TStateMachine& stateMachine)
         at Npgsql.NpgsqlCommand.<Write>g__WriteExecute|101_0(NpgsqlConnector connector, Boolean async, Boolean flush, CancellationToken cancellationToken)
         at Npgsql.NpgsqlCommand.Write(NpgsqlConnector connector, Boolean async, Boolean flush, CancellationToken cancellationToken)
         at Npgsql.NpgsqlCommand.ExecuteReader(Boolean async, CommandBehavior behavior, CancellationToken cancellationToken)
         at System.Runtime.CompilerServices.AsyncMethodBuilderCore.Start[TStateMachine](TStateMachine& stateMachine)
         at Npgsql.NpgsqlCommand.ExecuteReader(Boolean async, CommandBehavior behavior, CancellationToken cancellationToken)
         at Npgsql.NpgsqlCommand.ExecuteReaderAsync(CommandBehavior behavior, CancellationToken cancellationToken)
         at Npgsql.NpgsqlCommand.ExecuteDbDataReaderAsync(CommandBehavior behavior, CancellationToken cancellationToken)
         at System.Runtime.CompilerServices.AsyncMethodBuilderCore.Start[TStateMachine](TStateMachine& stateMachine)
         at Npgsql.NpgsqlCommand.ExecuteDbDataReaderAsync(CommandBehavior behavior, CancellationToken cancellationToken)
         at Microsoft.EntityFrameworkCore.Storage.RelationalCommand.ExecuteReaderAsync(RelationalCommandParameterObject parameterObject, CancellationToken cancellationToken)
         at System.Runtime.CompilerServices.AsyncMethodBuilderCore.Start[TStateMachine](TStateMachine& stateMachine)
         at Microsoft.EntityFrameworkCore.Storage.RelationalCommand.ExecuteReaderAsync(RelationalCommandParameterObject parameterObject, CancellationToken cancellationToken)
         at Microsoft.EntityFrameworkCore.Query.Internal.SingleQueryingEnumerable`1.AsyncEnumerator.InitializeReaderAsync(AsyncEnumerator enumerator, CancellationToken cancellationToken)
         at System.Runtime.CompilerServices.AsyncMethodBuilderCore.Start[TStateMachine](TStateMachine& stateMachine)
         at Microsoft.EntityFrameworkCore.Query.Internal.SingleQueryingEnumerable`1.AsyncEnumerator.InitializeReaderAsync(AsyncEnumerator enumerator, CancellationToken cancellationToken)
         at Microsoft.EntityFrameworkCore.Query.Internal.SingleQueryingEnumerable`1.AsyncEnumerator.<>c.<MoveNextAsync>b__20_0(DbContext _, AsyncEnumerator enumerator, CancellationToken cancellationToken)
         at Npgsql.EntityFrameworkCore.PostgreSQL.Storage.Internal.NpgsqlExecutionStrategy.ExecuteAsync[TState,TResult](TState state, Func`4 operation, Func`4 verifySucceeded, CancellationToken cancellationToken)
         at System.Runtime.CompilerServices.AsyncMethodBuilderCore.Start[TStateMachine](TStateMachine& stateMachine)
         at Npgsql.EntityFrameworkCore.PostgreSQL.Storage.Internal.NpgsqlExecutionStrategy.ExecuteAsync[TState,TResult](TState state, Func`4 operation, Func`4 verifySucceeded, CancellationToken cancellationToken)
         at Microsoft.EntityFrameworkCore.Query.Internal.SingleQueryingEnumerable`1.AsyncEnumerator.MoveNextAsync()
         at System.Runtime.CompilerServices.AsyncMethodBuilderCore.Start[TStateMachine](TStateMachine& stateMachine)
         at Microsoft.EntityFrameworkCore.Query.Internal.SingleQueryingEnumerable`1.AsyncEnumerator.MoveNextAsync()
         at System.Runtime.CompilerServices.ConfiguredCancelableAsyncEnumerable`1.Enumerator.MoveNextAsync()
         at Microsoft.EntityFrameworkCore.EntityFrameworkQueryableExtensions.ToListAsync[TSource](IQueryable`1 source, CancellationToken cancellationToken)
         at System.Runtime.CompilerServices.AsyncMethodBuilderCore.Start[TStateMachine](TStateMachine& stateMachine)
         at Microsoft.EntityFrameworkCore.EntityFrameworkQueryableExtensions.ToListAsync[TSource](IQueryable`1 source, CancellationToken cancellationToken)
         at SistemaPublicidad.Net.Backend.Services.ServicioVencimientoPublicidades.ExecuteAsync(CancellationToken stoppingToken) in C:\Users\Asist\Documents\AngNet-TTI\SistemaPublicidad\Net.Backend\Services\ServicioVencimientoPublicidades.cs:line 52
         at System.Threading.ExecutionContext.RunInternal(ExecutionContext executionContext, ContextCallback callback, Object state)
         at System.Runtime.CompilerServices.AsyncTaskMethodBuilder`1.AsyncStateMachineBox`1.MoveNext(Thread threadPoolThread)
         at System.Threading.Tasks.AwaitTaskContinuation.RunOrScheduleAction(IAsyncStateMachineBox box, Boolean allowInlining)
         at System.Threading.Tasks.Task.RunContinuations(Object continuationObject)
         at System.Threading.Tasks.Task.TrySetResult()
         at System.Threading.Tasks.Task.DelayPromise.CompleteTimedOut()
         at System.Threading.TimerQueueTimer.Fire(Boolean isThreadPool)
         at System.Threading.TimerQueue.FireNextTimers()
         at System.Threading.ThreadPoolWorkQueue.Dispatch()
         at System.Threading.PortableThreadPool.WorkerThread.WorkerThreadStart()
      --- End of stack trace from previous location ---
      
         --- End of inner exception stack trace ---
         at Npgsql.Internal.NpgsqlWriteBuffer.Flush(Boolean async, CancellationToken cancellationToken)
         at Npgsql.Internal.NpgsqlWriteBuffer.Flush(Boolean async, CancellationToken cancellationToken)
         at Npgsql.NpgsqlCommand.<Write>g__WriteExecute|101_0(NpgsqlConnector connector, Boolean async, Boolean flush, CancellationToken cancellationToken)
         at Npgsql.NpgsqlCommand.ExecuteReader(Boolean async, CommandBehavior behavior, CancellationToken cancellationToken)
         at Npgsql.NpgsqlCommand.ExecuteReader(Boolean async, CommandBehavior behavior, CancellationToken cancellationToken)
         at Npgsql.NpgsqlCommand.ExecuteDbDataReaderAsync(CommandBehavior behavior, CancellationToken cancellationToken)
         at Microsoft.EntityFrameworkCore.Storage.RelationalCommand.ExecuteReaderAsync(RelationalCommandParameterObject parameterObject, CancellationToken cancellationToken)
         at Microsoft.EntityFrameworkCore.Storage.RelationalCommand.ExecuteReaderAsync(RelationalCommandParameterObject parameterObject, CancellationToken cancellationToken)
         at Microsoft.EntityFrameworkCore.Query.Internal.SingleQueryingEnumerable`1.AsyncEnumerator.InitializeReaderAsync(AsyncEnumerator enumerator, CancellationToken cancellationToken)
         at Npgsql.EntityFrameworkCore.PostgreSQL.Storage.Internal.NpgsqlExecutionStrategy.ExecuteAsync[TState,TResult](TState state, Func`4 operation, Func`4 verifySucceeded, CancellationToken cancellationToken)
         --- End of inner exception stack trace ---
         at Npgsql.EntityFrameworkCore.PostgreSQL.Storage.Internal.NpgsqlExecutionStrategy.ExecuteAsync[TState,TResult](TState state, Func`4 operation, Func`4 verifySucceeded, CancellationToken cancellationToken)
         at Microsoft.EntityFrameworkCore.Query.Internal.SingleQueryingEnumerable`1.AsyncEnumerator.MoveNextAsync()
      System.InvalidOperationException: An exception has been raised that is likely due to a transient failure.
       ---> Npgsql.NpgsqlException (0x80004005): Exception while writing to stream
       ---> System.IO.IOException: Unable to write data to the transport connection: Se ha forzado la interrupción de una conexión existente por el host remoto..
       ---> System.Net.Sockets.SocketException (10054): Se ha forzado la interrupción de una conexión existente por el host remoto.
         at System.Net.Sockets.Socket.AwaitableSocketAsyncEventArgs.CreateException(SocketError error, Boolean forAsyncThrow)
         at System.Net.Sockets.Socket.AwaitableSocketAsyncEventArgs.SendAsyncForNetworkStream(Socket socket, CancellationToken cancellationToken)
         at System.Net.Sockets.Socket.SendAsyncForNetworkStream(ReadOnlyMemory`1 buffer, SocketFlags socketFlags, CancellationToken cancellationToken)
         at System.Net.Sockets.NetworkStream.WriteAsync(Byte[] buffer, Int32 offset, Int32 count, CancellationToken cancellationToken)
         at Npgsql.Internal.NpgsqlWriteBuffer.Flush(Boolean async, CancellationToken cancellationToken)
         at System.Runtime.CompilerServices.AsyncMethodBuilderCore.Start[TStateMachine](TStateMachine& stateMachine)
         at Npgsql.Internal.NpgsqlWriteBuffer.Flush(Boolean async, CancellationToken cancellationToken)
         at Npgsql.Internal.NpgsqlConnector.Flush(Boolean async, CancellationToken cancellationToken)
         at Npgsql.NpgsqlCommand.<Write>g__WriteExecute|101_0(NpgsqlConnector connector, Boolean async, Boolean flush, CancellationToken cancellationToken)
         at System.Runtime.CompilerServices.AsyncMethodBuilderCore.Start[TStateMachine](TStateMachine& stateMachine)
         at Npgsql.NpgsqlCommand.<Write>g__WriteExecute|101_0(NpgsqlConnector connector, Boolean async, Boolean flush, CancellationToken cancellationToken)
         at Npgsql.NpgsqlCommand.Write(NpgsqlConnector connector, Boolean async, Boolean flush, CancellationToken cancellationToken)
         at Npgsql.NpgsqlCommand.ExecuteReader(Boolean async, CommandBehavior behavior, CancellationToken cancellationToken)
         at System.Runtime.CompilerServices.AsyncMethodBuilderCore.Start[TStateMachine](TStateMachine& stateMachine)
         at Npgsql.NpgsqlCommand.ExecuteReader(Boolean async, CommandBehavior behavior, CancellationToken cancellationToken)
         at Npgsql.NpgsqlCommand.ExecuteReaderAsync(CommandBehavior behavior, CancellationToken cancellationToken)
         at Npgsql.NpgsqlCommand.ExecuteDbDataReaderAsync(CommandBehavior behavior, CancellationToken cancellationToken)
         at System.Runtime.CompilerServices.AsyncMethodBuilderCore.Start[TStateMachine](TStateMachine& stateMachine)
         at Npgsql.NpgsqlCommand.ExecuteDbDataReaderAsync(CommandBehavior behavior, CancellationToken cancellationToken)
         at Microsoft.EntityFrameworkCore.Storage.RelationalCommand.ExecuteReaderAsync(RelationalCommandParameterObject parameterObject, CancellationToken cancellationToken)
         at System.Runtime.CompilerServices.AsyncMethodBuilderCore.Start[TStateMachine](TStateMachine& stateMachine)
         at Microsoft.EntityFrameworkCore.Storage.RelationalCommand.ExecuteReaderAsync(RelationalCommandParameterObject parameterObject, CancellationToken cancellationToken)
         at Microsoft.EntityFrameworkCore.Query.Internal.SingleQueryingEnumerable`1.AsyncEnumerator.InitializeReaderAsync(AsyncEnumerator enumerator, CancellationToken cancellationToken)
         at System.Runtime.CompilerServices.AsyncMethodBuilderCore.Start[TStateMachine](TStateMachine& stateMachine)
         at Microsoft.EntityFrameworkCore.Query.Internal.SingleQueryingEnumerable`1.AsyncEnumerator.InitializeReaderAsync(AsyncEnumerator enumerator, CancellationToken cancellationToken)
         at Microsoft.EntityFrameworkCore.Query.Internal.SingleQueryingEnumerable`1.AsyncEnumerator.<>c.<MoveNextAsync>b__20_0(DbContext _, AsyncEnumerator enumerator, CancellationToken cancellationToken)
         at Npgsql.EntityFrameworkCore.PostgreSQL.Storage.Internal.NpgsqlExecutionStrategy.ExecuteAsync[TState,TResult](TState state, Func`4 operation, Func`4 verifySucceeded, CancellationToken cancellationToken)
         at System.Runtime.CompilerServices.AsyncMethodBuilderCore.Start[TStateMachine](TStateMachine& stateMachine)
         at Npgsql.EntityFrameworkCore.PostgreSQL.Storage.Internal.NpgsqlExecutionStrategy.ExecuteAsync[TState,TResult](TState state, Func`4 operation, Func`4 verifySucceeded, CancellationToken cancellationToken)
         at Microsoft.EntityFrameworkCore.Query.Internal.SingleQueryingEnumerable`1.AsyncEnumerator.MoveNextAsync()
         at System.Runtime.CompilerServices.AsyncMethodBuilderCore.Start[TStateMachine](TStateMachine& stateMachine)
         at Microsoft.EntityFrameworkCore.Query.Internal.SingleQueryingEnumerable`1.AsyncEnumerator.MoveNextAsync()
         at System.Runtime.CompilerServices.ConfiguredCancelableAsyncEnumerable`1.Enumerator.MoveNextAsync()
         at Microsoft.EntityFrameworkCore.EntityFrameworkQueryableExtensions.ToListAsync[TSource](IQueryable`1 source, CancellationToken cancellationToken)
         at System.Runtime.CompilerServices.AsyncMethodBuilderCore.Start[TStateMachine](TStateMachine& stateMachine)
         at Microsoft.EntityFrameworkCore.EntityFrameworkQueryableExtensions.ToListAsync[TSource](IQueryable`1 source, CancellationToken cancellationToken)
         at SistemaPublicidad.Net.Backend.Services.ServicioVencimientoPublicidades.ExecuteAsync(CancellationToken stoppingToken) in C:\Users\Asist\Documents\AngNet-TTI\SistemaPublicidad\Net.Backend\Services\ServicioVencimientoPublicidades.cs:line 52
         at System.Threading.ExecutionContext.RunInternal(ExecutionContext executionContext, ContextCallback callback, Object state)
         at System.Runtime.CompilerServices.AsyncTaskMethodBuilder`1.AsyncStateMachineBox`1.MoveNext(Thread threadPoolThread)
         at System.Threading.Tasks.AwaitTaskContinuation.RunOrScheduleAction(IAsyncStateMachineBox box, Boolean allowInlining)
         at System.Threading.Tasks.Task.RunContinuations(Object continuationObject)
         at System.Threading.Tasks.Task.TrySetResult()
         at System.Threading.Tasks.Task.DelayPromise.CompleteTimedOut()
         at System.Threading.TimerQueueTimer.Fire(Boolean isThreadPool)
         at System.Threading.TimerQueue.FireNextTimers()
         at System.Threading.ThreadPoolWorkQueue.Dispatch()
         at System.Threading.PortableThreadPool.WorkerThread.WorkerThreadStart()
      --- End of stack trace from previous location ---
      
         --- End of inner exception stack trace ---
         at Npgsql.Internal.NpgsqlWriteBuffer.Flush(Boolean async, CancellationToken cancellationToken)
         at Npgsql.Internal.NpgsqlWriteBuffer.Flush(Boolean async, CancellationToken cancellationToken)
         at Npgsql.NpgsqlCommand.<Write>g__WriteExecute|101_0(NpgsqlConnector connector, Boolean async, Boolean flush, CancellationToken cancellationToken)
         at Npgsql.NpgsqlCommand.ExecuteReader(Boolean async, CommandBehavior behavior, CancellationToken cancellationToken)
         at Npgsql.NpgsqlCommand.ExecuteReader(Boolean async, CommandBehavior behavior, CancellationToken cancellationToken)
         at Npgsql.NpgsqlCommand.ExecuteDbDataReaderAsync(CommandBehavior behavior, CancellationToken cancellationToken)
         at Microsoft.EntityFrameworkCore.Storage.RelationalCommand.ExecuteReaderAsync(RelationalCommandParameterObject parameterObject, CancellationToken cancellationToken)
         at Microsoft.EntityFrameworkCore.Storage.RelationalCommand.ExecuteReaderAsync(RelationalCommandParameterObject parameterObject, CancellationToken cancellationToken)
         at Microsoft.EntityFrameworkCore.Query.Internal.SingleQueryingEnumerable`1.AsyncEnumerator.InitializeReaderAsync(AsyncEnumerator enumerator, CancellationToken cancellationToken)
         at Npgsql.EntityFrameworkCore.PostgreSQL.Storage.Internal.NpgsqlExecutionStrategy.ExecuteAsync[TState,TResult](TState state, Func`4 operation, Func`4 verifySucceeded, CancellationToken cancellationToken)
         --- End of inner exception stack trace ---
         at Npgsql.EntityFrameworkCore.PostgreSQL.Storage.Internal.NpgsqlExecutionStrategy.ExecuteAsync[TState,TResult](TState state, Func`4 operation, Func`4 verifySucceeded, CancellationToken cancellationToken)
         at Microsoft.EntityFrameworkCore.Query.Internal.SingleQueryingEnumerable`1.AsyncEnumerator.MoveNextAsync()
fail: SistemaPublicidad.Net.Backend.Services.ServicioVencimientoPublicidades[0]
      Error revisando vencimientos de publicidades.
      System.InvalidOperationException: An exception has been raised that is likely due to a transient failure.
       ---> Npgsql.NpgsqlException (0x80004005): Exception while writing to stream
       ---> System.IO.IOException: Unable to write data to the transport connection: Se ha forzado la interrupción de una conexión existente por el host remoto..
       ---> System.Net.Sockets.SocketException (10054): Se ha forzado la interrupción de una conexión existente por el host remoto.
         at System.Net.Sockets.Socket.AwaitableSocketAsyncEventArgs.CreateException(SocketError error, Boolean forAsyncThrow)
         at System.Net.Sockets.Socket.AwaitableSocketAsyncEventArgs.SendAsyncForNetworkStream(Socket socket, CancellationToken cancellationToken)
         at System.Net.Sockets.Socket.SendAsyncForNetworkStream(ReadOnlyMemory`1 buffer, SocketFlags socketFlags, CancellationToken cancellationToken)
         at System.Net.Sockets.NetworkStream.WriteAsync(Byte[] buffer, Int32 offset, Int32 count, CancellationToken cancellationToken)
         at Npgsql.Internal.NpgsqlWriteBuffer.Flush(Boolean async, CancellationToken cancellationToken)
         at System.Runtime.CompilerServices.AsyncMethodBuilderCore.Start[TStateMachine](TStateMachine& stateMachine)
         at Npgsql.Internal.NpgsqlWriteBuffer.Flush(Boolean async, CancellationToken cancellationToken)
         at Npgsql.Internal.NpgsqlConnector.Flush(Boolean async, CancellationToken cancellationToken)
         at Npgsql.NpgsqlCommand.<Write>g__WriteExecute|101_0(NpgsqlConnector connector, Boolean async, Boolean flush, CancellationToken cancellationToken)
         at System.Runtime.CompilerServices.AsyncMethodBuilderCore.Start[TStateMachine](TStateMachine& stateMachine)
         at Npgsql.NpgsqlCommand.<Write>g__WriteExecute|101_0(NpgsqlConnector connector, Boolean async, Boolean flush, CancellationToken cancellationToken)
         at Npgsql.NpgsqlCommand.Write(NpgsqlConnector connector, Boolean async, Boolean flush, CancellationToken cancellationToken)
         at Npgsql.NpgsqlCommand.ExecuteReader(Boolean async, CommandBehavior behavior, CancellationToken cancellationToken)
         at System.Runtime.CompilerServices.AsyncMethodBuilderCore.Start[TStateMachine](TStateMachine& stateMachine)
         at Npgsql.NpgsqlCommand.ExecuteReader(Boolean async, CommandBehavior behavior, CancellationToken cancellationToken)
         at Npgsql.NpgsqlCommand.ExecuteReaderAsync(CommandBehavior behavior, CancellationToken cancellationToken)
         at Npgsql.NpgsqlCommand.ExecuteDbDataReaderAsync(CommandBehavior behavior, CancellationToken cancellationToken)
         at System.Runtime.CompilerServices.AsyncMethodBuilderCore.Start[TStateMachine](TStateMachine& stateMachine)
         at Npgsql.NpgsqlCommand.ExecuteDbDataReaderAsync(CommandBehavior behavior, CancellationToken cancellationToken)
         at Microsoft.EntityFrameworkCore.Storage.RelationalCommand.ExecuteReaderAsync(RelationalCommandParameterObject parameterObject, CancellationToken cancellationToken)
         at System.Runtime.CompilerServices.AsyncMethodBuilderCore.Start[TStateMachine](TStateMachine& stateMachine)
         at Microsoft.EntityFrameworkCore.Storage.RelationalCommand.ExecuteReaderAsync(RelationalCommandParameterObject parameterObject, CancellationToken cancellationToken)
         at Microsoft.EntityFrameworkCore.Query.Internal.SingleQueryingEnumerable`1.AsyncEnumerator.InitializeReaderAsync(AsyncEnumerator enumerator, CancellationToken cancellationToken)
         at System.Runtime.CompilerServices.AsyncMethodBuilderCore.Start[TStateMachine](TStateMachine& stateMachine)
         at Microsoft.EntityFrameworkCore.Query.Internal.SingleQueryingEnumerable`1.AsyncEnumerator.InitializeReaderAsync(AsyncEnumerator enumerator, CancellationToken cancellationToken)
         at Microsoft.EntityFrameworkCore.Query.Internal.SingleQueryingEnumerable`1.AsyncEnumerator.<>c.<MoveNextAsync>b__20_0(DbContext _, AsyncEnumerator enumerator, CancellationToken cancellationToken)
         at Npgsql.EntityFrameworkCore.PostgreSQL.Storage.Internal.NpgsqlExecutionStrategy.ExecuteAsync[TState,TResult](TState state, Func`4 operation, Func`4 verifySucceeded, CancellationToken cancellationToken)
         at System.Runtime.CompilerServices.AsyncMethodBuilderCore.Start[TStateMachine](TStateMachine& stateMachine)
         at Npgsql.EntityFrameworkCore.PostgreSQL.Storage.Internal.NpgsqlExecutionStrategy.ExecuteAsync[TState,TResult](TState state, Func`4 operation, Func`4 verifySucceeded, CancellationToken cancellationToken)
         at Microsoft.EntityFrameworkCore.Query.Internal.SingleQueryingEnumerable`1.AsyncEnumerator.MoveNextAsync()
         at System.Runtime.CompilerServices.AsyncMethodBuilderCore.Start[TStateMachine](TStateMachine& stateMachine)
         at Microsoft.EntityFrameworkCore.Query.Internal.SingleQueryingEnumerable`1.AsyncEnumerator.MoveNextAsync()
         at System.Runtime.CompilerServices.ConfiguredCancelableAsyncEnumerable`1.Enumerator.MoveNextAsync()
         at Microsoft.EntityFrameworkCore.EntityFrameworkQueryableExtensions.ToListAsync[TSource](IQueryable`1 source, CancellationToken cancellationToken)
         at System.Runtime.CompilerServices.AsyncMethodBuilderCore.Start[TStateMachine](TStateMachine& stateMachine)
         at Microsoft.EntityFrameworkCore.EntityFrameworkQueryableExtensions.ToListAsync[TSource](IQueryable`1 source, CancellationToken cancellationToken)
         at SistemaPublicidad.Net.Backend.Services.ServicioVencimientoPublicidades.ExecuteAsync(CancellationToken stoppingToken) in C:\Users\Asist\Documents\AngNet-TTI\SistemaPublicidad\Net.Backend\Services\ServicioVencimientoPublicidades.cs:line 52
         at System.Threading.ExecutionContext.RunInternal(ExecutionContext executionContext, ContextCallback callback, Object state)
         at System.Runtime.CompilerServices.AsyncTaskMethodBuilder`1.AsyncStateMachineBox`1.MoveNext(Thread threadPoolThread)
         at System.Threading.Tasks.AwaitTaskContinuation.RunOrScheduleAction(IAsyncStateMachineBox box, Boolean allowInlining)
         at System.Threading.Tasks.Task.RunContinuations(Object continuationObject)
         at System.Threading.Tasks.Task.TrySetResult()
         at System.Threading.Tasks.Task.DelayPromise.CompleteTimedOut()
         at System.Threading.TimerQueueTimer.Fire(Boolean isThreadPool)
         at System.Threading.TimerQueue.FireNextTimers()
         at System.Threading.ThreadPoolWorkQueue.Dispatch()
         at System.Threading.PortableThreadPool.WorkerThread.WorkerThreadStart()
      --- End of stack trace from previous location ---
      
         --- End of inner exception stack trace ---
         at Npgsql.Internal.NpgsqlWriteBuffer.Flush(Boolean async, CancellationToken cancellationToken)
         at Npgsql.Internal.NpgsqlWriteBuffer.Flush(Boolean async, CancellationToken cancellationToken)
         at Npgsql.NpgsqlCommand.<Write>g__WriteExecute|101_0(NpgsqlConnector connector, Boolean async, Boolean flush, CancellationToken cancellationToken)
         at Npgsql.NpgsqlCommand.ExecuteReader(Boolean async, CommandBehavior behavior, CancellationToken cancellationToken)
         at Npgsql.NpgsqlCommand.ExecuteReader(Boolean async, CommandBehavior behavior, CancellationToken cancellationToken)
         at Npgsql.NpgsqlCommand.ExecuteDbDataReaderAsync(CommandBehavior behavior, CancellationToken cancellationToken)
         at Microsoft.EntityFrameworkCore.Storage.RelationalCommand.ExecuteReaderAsync(RelationalCommandParameterObject parameterObject, CancellationToken cancellationToken)
         at Microsoft.EntityFrameworkCore.Storage.RelationalCommand.ExecuteReaderAsync(RelationalCommandParameterObject parameterObject, CancellationToken cancellationToken)
         at Microsoft.EntityFrameworkCore.Query.Internal.SingleQueryingEnumerable`1.AsyncEnumerator.InitializeReaderAsync(AsyncEnumerator enumerator, CancellationToken cancellationToken)
         at Npgsql.EntityFrameworkCore.PostgreSQL.Storage.Internal.NpgsqlExecutionStrategy.ExecuteAsync[TState,TResult](TState state, Func`4 operation, Func`4 verifySucceeded, CancellationToken cancellationToken)
         --- End of inner exception stack trace ---
         at Npgsql.EntityFrameworkCore.PostgreSQL.Storage.Internal.NpgsqlExecutionStrategy.ExecuteAsync[TState,TResult](TState state, Func`4 operation, Func`4 verifySucceeded, CancellationToken cancellationToken)
         at Microsoft.EntityFrameworkCore.Query.Internal.SingleQueryingEnumerable`1.AsyncEnumerator.MoveNextAsync()
         at Microsoft.EntityFrameworkCore.EntityFrameworkQueryableExtensions.ToListAsync[TSource](IQueryable`1 source, CancellationToken cancellationToken)
         at Microsoft.EntityFrameworkCore.EntityFrameworkQueryableExtensions.ToListAsync[TSource](IQueryable`1 source, CancellationToken cancellationToken)
         at SistemaPublicidad.Net.Backend.Services.ServicioVencimientoPublicidades.ExecuteAsync(CancellationToken stoppingToken) in C:\Users\Asist\Documents\AngNet-TTI\SistemaPublicidad\Net.Backend\Services\ServicioVencimientoPublicidades.cs:line 52
info: Microsoft.EntityFrameworkCore.Database.Command[20101]
      Executed DbCommand (256ms) [Parameters=[@__hoy_0='?' (DbType = DateTime)], CommandType='Text', CommandTimeout='30']
      SELECT p."Id", p."Descripcion", p."DuracionMeses", p."DuracionVideoSegundos", p."EmpresaId", p."FechaCreacion", p."FechaFin", p."FechaInicio", p."NombrePublicidad", p."TipoPantalla", p."VideoNombreArchivo"
      FROM "Publicidades" AS p
      WHERE date_trunc('day', p."FechaInicio") <= @__hoy_0 AND date_trunc('day', p."FechaFin") >= @__hoy_0 AND p."VideoNombreArchivo" <> ''
info: Microsoft.EntityFrameworkCore.Database.Command[20101]
      Executed DbCommand (2ms) [Parameters=[@__hoy_0='?' (DbType = DateTime)], CommandType='Text', CommandTimeout='30']
      SELECT p."Id", p."Descripcion", p."DuracionMeses", p."DuracionVideoSegundos", p."EmpresaId", p."FechaCreacion", p."FechaFin", p."FechaInicio", p."NombrePublicidad", p."TipoPantalla", p."VideoNombreArchivo"
      FROM "Publicidades" AS p
      WHERE date_trunc('day', p."FechaInicio") <= @__hoy_0 AND date_trunc('day', p."FechaFin") >= @__hoy_0 AND p."VideoNombreArchivo" <> ''
info: Microsoft.EntityFrameworkCore.Database.Command[20101]
      Executed DbCommand (2ms) [Parameters=[@__hoy_0='?' (DbType = DateTime)], CommandType='Text', CommandTimeout='30']
      SELECT p."Id", p."Descripcion", p."DuracionMeses", p."DuracionVideoSegundos", p."EmpresaId", p."FechaCreacion", p."FechaFin", p."FechaInicio", p."NombrePublicidad", p."TipoPantalla", p."VideoNombreArchivo"
      FROM "Publicidades" AS p
      WHERE date_trunc('day', p."FechaInicio") <= @__hoy_0 AND date_trunc('day', p."FechaFin") >= @__hoy_0 AND p."VideoNombreArchivo" <> ''
info: Microsoft.EntityFrameworkCore.Database.Command[20101]
      Executed DbCommand (1ms) [Parameters=[@__hoy_0='?' (DbType = DateTime)], CommandType='Text', CommandTimeout='30']
      SELECT p."Id", p."Descripcion", p."DuracionMeses", p."DuracionVideoSegundos", p."EmpresaId", p."FechaCreacion", p."FechaFin", p."FechaInicio", p."NombrePublicidad", p."TipoPantalla", p."VideoNombreArchivo"
      FROM "Publicidades" AS p
      WHERE date_trunc('day', p."FechaInicio") <= @__hoy_0 AND date_trunc('day', p."FechaFin") >= @__hoy_0 AND p."VideoNombreArchivo" <> ''
info: Microsoft.EntityFrameworkCore.Database.Command[20101]
      Executed DbCommand (2ms) [Parameters=[@__hoy_0='?' (DbType = DateTime)], CommandType='Text', CommandTimeout='30']
      SELECT p."Id", p."Descripcion", p."DuracionMeses", p."DuracionVideoSegundos", p."EmpresaId", p."FechaCreacion", p."FechaFin", p."FechaInicio", p."NombrePublicidad", p."TipoPantalla", p."VideoNombreArchivo"
      FROM "Publicidades" AS p
      WHERE date_trunc('day', p."FechaInicio") <= @__hoy_0 AND date_trunc('day', p."FechaFin") >= @__hoy_0 AND p."VideoNombreArchivo" <> ''
info: Microsoft.EntityFrameworkCore.Database.Command[20101]
      Executed DbCommand (2ms) [Parameters=[@__hoy_0='?' (DbType = DateTime)], CommandType='Text', CommandTimeout='30']
      SELECT p."Id", p."Descripcion", p."DuracionMeses", p."DuracionVideoSegundos", p."EmpresaId", p."FechaCreacion", p."FechaFin", p."FechaInicio", p."NombrePublicidad", p."TipoPantalla", p."VideoNombreArchivo"
      FROM "Publicidades" AS p
      WHERE date_trunc('day', p."FechaInicio") <= @__hoy_0 AND date_trunc('day', p."FechaFin") >= @__hoy_0 AND p."VideoNombreArchivo" <> ''
info: Microsoft.EntityFrameworkCore.Database.Command[20101]
      Executed DbCommand (2ms) [Parameters=[@__hoy_0='?' (DbType = DateTime)], CommandType='Text', CommandTimeout='30']
      SELECT p."Id", p."Descripcion", p."DuracionMeses", p."DuracionVideoSegundos", p."EmpresaId", p."FechaCreacion", p."FechaFin", p."FechaInicio", p."NombrePublicidad", p."TipoPantalla", p."VideoNombreArchivo"
      FROM "Publicidades" AS p
      WHERE date_trunc('day', p."FechaInicio") <= @__hoy_0 AND date_trunc('day', p."FechaFin") >= @__hoy_0 AND p."VideoNombreArchivo" <> ''
info: Microsoft.EntityFrameworkCore.Database.Command[20101]
      Executed DbCommand (1ms) [Parameters=[@__hoy_0='?' (DbType = DateTime)], CommandType='Text', CommandTimeout='30']
      SELECT p."Id", p."Descripcion", p."DuracionMeses", p."DuracionVideoSegundos", p."EmpresaId", p."FechaCreacion", p."FechaFin", p."FechaInicio", p."NombrePublicidad", p."TipoPantalla", p."VideoNombreArchivo"
      FROM "Publicidades" AS p
      WHERE date_trunc('day', p."FechaInicio") <= @__hoy_0 AND date_trunc('day', p."FechaFin") >= @__hoy_0 AND p."VideoNombreArchivo" <> ''
info: Microsoft.EntityFrameworkCore.Database.Command[20101]
      Executed DbCommand (1ms) [Parameters=[@__hoy_0='?' (DbType = DateTime)], CommandType='Text', CommandTimeout='30']
      SELECT p."Id", p."Descripcion", p."DuracionMeses", p."DuracionVideoSegundos", p."EmpresaId", p."FechaCreacion", p."FechaFin", p."FechaInicio", p."NombrePublicidad", p."TipoPantalla", p."VideoNombreArchivo"
      FROM "Publicidades" AS p
      WHERE date_trunc('day', p."FechaInicio") <= @__hoy_0 AND date_trunc('day', p."FechaFin") >= @__hoy_0 AND p."VideoNombreArchivo" <> ''
info: Microsoft.EntityFrameworkCore.Database.Command[20101]
      Executed DbCommand (1ms) [Parameters=[@__hoy_0='?' (DbType = DateTime)], CommandType='Text', CommandTimeout='30']
      SELECT p."Id", p."Descripcion", p."DuracionMeses", p."DuracionVideoSegundos", p."EmpresaId", p."FechaCreacion", p."FechaFin", p."FechaInicio", p."NombrePublicidad", p."TipoPantalla", p."VideoNombreArchivo"
      FROM "Publicidades" AS p
      WHERE date_trunc('day', p."FechaInicio") <= @__hoy_0 AND date_trunc('day', p."FechaFin") >= @__hoy_0 AND p."VideoNombreArchivo" <> ''
info: Microsoft.EntityFrameworkCore.Database.Command[20101]
      Executed DbCommand (10ms) [Parameters=[@__hoy_0='?' (DbType = DateTime)], CommandType='Text', CommandTimeout='30']
      SELECT p."Id", p."Descripcion", p."DuracionMeses", p."DuracionVideoSegundos", p."EmpresaId", p."FechaCreacion", p."FechaFin", p."FechaInicio", p."NombrePublicidad", p."TipoPantalla", p."VideoNombreArchivo"
      FROM "Publicidades" AS p
      WHERE date_trunc('day', p."FechaInicio") <= @__hoy_0 AND date_trunc('day', p."FechaFin") >= @__hoy_0 AND p."VideoNombreArchivo" <> ''
info: Microsoft.EntityFrameworkCore.Database.Command[20101]
      Executed DbCommand (1ms) [Parameters=[@__hoy_0='?' (DbType = DateTime)], CommandType='Text', CommandTimeout='30']
      SELECT p."Id", p."Descripcion", p."DuracionMeses", p."DuracionVideoSegundos", p."EmpresaId", p."FechaCreacion", p."FechaFin", p."FechaInicio", p."NombrePublicidad", p."TipoPantalla", p."VideoNombreArchivo"
      FROM "Publicidades" AS p
      WHERE date_trunc('day', p."FechaInicio") <= @__hoy_0 AND date_trunc('day', p."FechaFin") >= @__hoy_0 AND p."VideoNombreArchivo" <> ''
info: Microsoft.EntityFrameworkCore.Database.Command[20101]
      Executed DbCommand (2ms) [Parameters=[@__hoy_0='?' (DbType = DateTime)], CommandType='Text', CommandTimeout='30']
      SELECT p."Id", p."Descripcion", p."DuracionMeses", p."DuracionVideoSegundos", p."EmpresaId", p."FechaCreacion", p."FechaFin", p."FechaInicio", p."NombrePublicidad", p."TipoPantalla", p."VideoNombreArchivo"
      FROM "Publicidades" AS p
      WHERE date_trunc('day', p."FechaInicio") <= @__hoy_0 AND date_trunc('day', p."FechaFin") >= @__hoy_0 AND p."VideoNombreArchivo" <> ''
